python: can't open file 'C:\\Users\\ASUS\\OneDrive\\Desktop\\DSML\\Week 1\\Day 4\\Labs\\mini-project-vikings-en\\script.py': [Errno 2] No such file or directory
